  °¡¡î
  ANSIString2
  £Á£Â£ÃÒ»¶¡Æß£¯£Ü¡«
  ABCCDE/\\!


°¡¡î
 ANSIString2
  £Á£Â£ÃÒ»¶¡Æß£¯£Ü¡«
   ABCCDE/\\!


  °¡¡î  ANSIString2  £Á£Â£ÃÒ»¶¡Æß£¯£Ü¡«  ABCCDE/\\!  

  "°¡¡î"
  "ANSIString2"
  "£Á£Â£ÃÒ»¶¡Æß£¯£Ü¡«"
  "ABCCDE/\\!"
  ""

   °¡¡î
    ANSIString2
     £Á£Â£ÃÒ»¶¡Æß£¯£Ü¡«
      ABCCDE/\\!
       

  ANSIString2
  °¡¡î
  £Á£Â£ÃÒ»¶¡Æß£¯£Ü¡«
  ABCCDE/\\!


