  °¡¡î’dñˆUà@
  ANSIString2
  £Á£Â£ÃÒ»¶¡Æß£¯£Ü¡«
  ABCCDE/\\!


°¡¡î’dñˆUà@
 ANSIString2
  £Á£Â£ÃÒ»¶¡Æß£¯£Ü¡«
   ABCCDE/\\!


  °¡¡î’dñˆUà@  ANSIString2  £Á£Â£ÃÒ»¶¡Æß£¯£Ü¡«  ABCCDE/\\!  

  "°¡¡î’dñˆUà@"
  "ANSIString2"
  "£Á£Â£ÃÒ»¶¡Æß£¯£Ü¡«"
  "ABCCDE/\\!"
  ""

   °¡¡î’dñˆUà@
    ANSIString2
     £Á£Â£ÃÒ»¶¡Æß£¯£Ü¡«
      ABCCDE/\\!
       

  ANSIString2
  °¡¡î’dñˆUà@
  £Á£Â£ÃÒ»¶¡Æß£¯£Ü¡«
  ABCCDE/\\!


