  ПРЋўПЯДІШБИМнЇўДЋўјПЎоўйЎеьЇж¶
  Ц¬ПРЋўПЯДІШБИМнЇўДЋўјПЎоўй
  ¤Б¤В¤Г¤ў¤©¤Є¤Ј¤ўЮвХеЛ«віЮвДЎДЈД¤ўЯўа
  ABCCDE18921ЮвХеЛ«віЮввіЩ¶еэЗ°ЭфСрХеЛ«СЕ/\\


ПРЋўПЯДІШБИМнЇўДЋўјПЎоўйЎеьЇж¶
 Ц¬ПРЋўПЯДІШБИМнЇўДЋўјПЎоўй
  ¤Б¤В¤Г¤ў¤©¤Є¤Ј¤ўЮвХеЛ«віЮвДЎДЈД¤ўЯўа
   ABCCDE18921ЮвХеЛ«віЮввіЩ¶еэЗ°ЭфСрХеЛ«СЕ/\\


  ПРЋўПЯДІШБИМнЇўДЋўјПЎоўйЎеьЇж¶  Ц¬ПРЋўПЯДІШБИМнЇўДЋўјПЎоўй  ¤Б¤В¤Г¤ў¤©¤Є¤Ј¤ўЮвХеЛ«віЮвДЎДЈД¤ўЯўа  ABCCDE18921ЮвХеЛ«віЮввіЩ¶еэЗ°ЭфСрХеЛ«СЕ/\\  

  "ПРЋўПЯДІШБИМнЇўДЋўјПЎоўйЎеьЇж¶"
  "Ц¬ПРЋўПЯДІШБИМнЇўДЋўјПЎоўй"
  "¤Б¤В¤Г¤ў¤©¤Є¤Ј¤ўЮвХеЛ«віЮвДЎДЈД¤ўЯўа"
  "ABCCDE18921ЮвХеЛ«віЮввіЩ¶еэЗ°ЭфСрХеЛ«СЕ/\\"
  ""

   ПРЋўПЯДІШБИМнЇўДЋўјПЎоўйЎеьЇж¶
    Ц¬ПРЋўПЯДІШБИМнЇўДЋўјПЎоўй
     ¤Б¤В¤Г¤ў¤©¤Є¤Ј¤ўЮвХеЛ«віЮвДЎДЈД¤ўЯўа
      ABCCDE18921ЮвХеЛ«віЮввіЩ¶еэЗ°ЭфСрХеЛ«СЕ/\\
       

  Ц¬ПРЋўПЯДІШБИМнЇўДЋўјПЎоўй
  ПРЋўПЯДІШБИМнЇўДЋўјПЎоўйЎеьЇж¶
  ¤Б¤В¤Г¤ў¤©¤Є¤Ј¤ўЮвХеЛ«віЮвДЎДЈД¤ўЯўа
  ABCCDE18921ЮвХеЛ«віЮввіЩ¶еэЗ°ЭфСрХеЛ«СЕ/\\


