  漢字表示能力
  カナｶﾅＫａｎａKana
  記号:\~￣―＼～∥…－￥￠￡￢
  外字:￤丨昻㈱№℡
  外字:ⅠⅡ①②

漢字表示能力
 カナｶﾅＫａｎａKana
  記号:\~￣―＼～∥…－￥￠￡￢
   外字:￤丨昻㈱№℡
    外字:ⅠⅡ①②

  漢字表示能力  カナｶﾅＫａｎａKana  記号:\~￣―＼～∥…－￥￠￡￢  外字:￤丨昻㈱№℡  外字:ⅠⅡ①②

  "漢字表示能力"
  "カナｶﾅＫａｎａKana"
  "記号:\~￣―＼～∥…－￥￠￡￢"
  "外字:￤丨昻㈱№℡"
  "外字:ⅠⅡ①②"

   漢字表示能力
    カナｶﾅＫａｎａKana
     記号:\~￣―＼～∥…－￥￠￡￢
      外字:￤丨昻㈱№℡
       外字:ⅠⅡ①②

  カナｶﾅＫａｎａKana
  漢字表示能力
  記号:\~￣―＼～∥…－￥￠￡￢
  外字:￤丨昻㈱№℡
  外字:ⅠⅡ①②

