  表噂十豹竹敷∼椄＊＠’鷗葛
  株表噂十豹竹敷∼椄＊＠
  ＡＢＣ１８９２１壹捌玖貳壹一丁七／＼
  ABCCDE18921壹捌玖貳壹貳參肆伍陸柒捌玖拾/\\


表噂十豹竹敷∼椄＊＠’鷗葛
 株表噂十豹竹敷∼椄＊＠
  ＡＢＣ１８９２１壹捌玖貳壹一丁七／＼
   ABCCDE18921壹捌玖貳壹貳參肆伍陸柒捌玖拾/\\


  表噂十豹竹敷∼椄＊＠’鷗葛  株表噂十豹竹敷∼椄＊＠  ＡＢＣ１８９２１壹捌玖貳壹一丁七／＼  ABCCDE18921壹捌玖貳壹貳參肆伍陸柒捌玖拾/\\  

  "表噂十豹竹敷∼椄＊＠’鷗葛"
  "株表噂十豹竹敷∼椄＊＠"
  "ＡＢＣ１８９２１壹捌玖貳壹一丁七／＼"
  "ABCCDE18921壹捌玖貳壹貳參肆伍陸柒捌玖拾/\\"
  ""

   表噂十豹竹敷∼椄＊＠’鷗葛
    株表噂十豹竹敷∼椄＊＠
     ＡＢＣ１８９２１壹捌玖貳壹一丁七／＼
      ABCCDE18921壹捌玖貳壹貳參肆伍陸柒捌玖拾/\\
       

  株表噂十豹竹敷∼椄＊＠
  表噂十豹竹敷∼椄＊＠’鷗葛
  ＡＢＣ１８９２１壹捌玖貳壹一丁七／＼
  ABCCDE18921壹捌玖貳壹貳參肆伍陸柒捌玖拾/\\


