  啊☆抎駡U郂
  ANSIString2
  ＡＢＣ一丁七／＼～
  ABCCDE/\\!


啊☆抎駡U郂
 ANSIString2
  ＡＢＣ一丁七／＼～
   ABCCDE/\\!


  啊☆抎駡U郂  ANSIString2  ＡＢＣ一丁七／＼～  ABCCDE/\\!  

  "啊☆抎駡U郂"
  "ANSIString2"
  "ＡＢＣ一丁七／＼～"
  "ABCCDE/\\!"
  ""

   啊☆抎駡U郂
    ANSIString2
     ＡＢＣ一丁七／＼～
      ABCCDE/\\!
       

  ANSIString2
  啊☆抎駡U郂
  ＡＢＣ一丁七／＼～
  ABCCDE/\\!


