  ㄱㄴㄷㄹㅁㅂㅅㅇㅈㅊㅋㅌㅍㅎㅏㅑㅓㅕㅗㅛㅜㅠㅡㅣㆎ
  ㈀㈁㈂㈃㈄㈅㈆㈎㈏㈐㈑㈒㈓㈔㈜㉠㉡㉢㉣㉤㉥㉦㉿
  한국일본가대베애케훠
  韓國日本伽佳假價禧稀羲詰


ㄱㄴㄷㄹㅁㅂㅅㅇㅈㅊㅋㅌㅍㅎㅏㅑㅓㅕㅗㅛㅜㅠㅡㅣㆎ
 ㈀㈁㈂㈃㈄㈅㈆㈎㈏㈐㈑㈒㈓㈔㈜㉠㉡㉢㉣㉤㉥㉦㉿
  한국일본가대베애케훠
   韓國日本伽佳假價禧稀羲詰


  ㄱㄴㄷㄹㅁㅂㅅㅇㅈㅊㅋㅌㅍㅎㅏㅑㅓㅕㅗㅛㅜㅠㅡㅣㆎ  ㈀㈁㈂㈃㈄㈅㈆㈎㈏㈐㈑㈒㈓㈔㈜㉠㉡㉢㉣㉤㉥㉦㉿  한국일본가대베애케훠  韓國日本伽佳假價禧稀羲詰  

  "ㄱㄴㄷㄹㅁㅂㅅㅇㅈㅊㅋㅌㅍㅎㅏㅑㅓㅕㅗㅛㅜㅠㅡㅣㆎ"
  "㈀㈁㈂㈃㈄㈅㈆㈎㈏㈐㈑㈒㈓㈔㈜㉠㉡㉢㉣㉤㉥㉦㉿"
  "한국일본가대베애케훠"
  "韓國日本伽佳假價禧稀羲詰"
  ""

   ㄱㄴㄷㄹㅁㅂㅅㅇㅈㅊㅋㅌㅍㅎㅏㅑㅓㅕㅗㅛㅜㅠㅡㅣㆎ
    ㈀㈁㈂㈃㈄㈅㈆㈎㈏㈐㈑㈒㈓㈔㈜㉠㉡㉢㉣㉤㉥㉦㉿
     한국일본가대베애케훠
      韓國日本伽佳假價禧稀羲詰
       

  ㈀㈁㈂㈃㈄㈅㈆㈎㈏㈐㈑㈒㈓㈔㈜㉠㉡㉢㉣㉤㉥㉦㉿
  ㄱㄴㄷㄹㅁㅂㅅㅇㅈㅊㅋㅌㅍㅎㅏㅑㅓㅕㅗㅛㅜㅠㅡㅣㆎ
  한국일본가대베애케훠
  韓國日本伽佳假價禧稀羲詰


