  漢字表示能力
  カナｶﾅＫａｎａKana
  記号:\~￣―＼～∥…－￥￠￡￢
  外字:￤丨昂㈱№℡
  外字:ⅠⅡ①②⑩⑳

漢字表示能力
 カナｶﾅＫａｎａKana
  記号:\~￣―＼～∥…－￥￠￡￢
   外字:￤丨昂㈱№℡
    外字:ⅠⅡ①②⑩⑳

  漢字表示能力  カナｶﾅＫａｎａKana  記号:\~￣―＼～∥…－￥￠￡￢  外字:￤丨昂㈱№℡  外字:ⅠⅡ①②⑩⑳

  "漢字表示能力"
  "カナｶﾅＫａｎａKana"
  "記号:\~￣―＼～∥…－￥￠￡￢"
  "外字:￤丨昂㈱№℡"
  "外字:ⅠⅡ①②⑩⑳"

   漢字表示能力
    カナｶﾅＫａｎａKana
     記号:\~￣―＼～∥…－￥￠￡￢
      外字:￤丨昂㈱№℡
       外字:ⅠⅡ①②⑩⑳

  カナｶﾅＫａｎａKana
  漢字表示能力
  記号:\~￣―＼～∥…－￥￠￡￢
  外字:￤丨昂㈱№℡
  外字:ⅠⅡ①②⑩⑳

