Character Boundary Test :
S
o
u
t
h
 
K
o
r
e
a
 
ÇÑ
±¹
 
ùÛ
ÏÐ
 
S
e
o
u
l
 
¼­
¿ï
B
u
s
a
n
 
ºÎ
»ê
 
Ý¼
ß£
C
h
u
n
c
h
e
o
n
 
Ãá
Ãµ
 
õð
ô¹
D
a
e
g
u
 
´ë
±¸
 
ÓÞ
ÏÈ
D
a
e
j
e
o
n
 
´ë
Àü
 
ÓÞ
ï£
G
w
a
n
g
j
u
 
±¤
ÁÖ
 
ÎÃ
ñ¶
G
y
e
o
n
g
j
u
 
°æ
ÁÖ
 
ÌÔ
ñ¶
I
n
c
h
e
o
n
 
ÀÎ
Ãµ
 
ìÒ
ô¹
J
e
o
n
j
u
 
Àü
ÁÖ
 
îï
ñ¶
S
e
o
u
l
¼­
¿ï
B
u
s
a
n
ºÎ
»ê
Ý¼
ß£
C
h
u
n
c
h
e
o
n
Ãá
Ãµ
õð
ô¹
D
a
e
g
u
´ë
±¸
ÓÞ
ÏÈ
D
a
e
j
e
o
n
´ë
Àü
ÓÞ
ï£
G
w
a
n
g
j
u
±¤
ÁÖ
ÎÃ
ñ¶
G
y
e
o
n
g
j
u
°æ
ÁÖ
ÌÔ
ñ¶
I
n
c
h
e
o
n
ÀÎ
Ãµ
ìÒ
ô¹
J
e
o
n
j
u
Àü
ÁÖ
îï
ñ¶
C
J
K
_
S
Y
M
B
O
L
S
_
A
N
D
_
P
U
N
C
T
U
A
T
I
O
N
 
¡¡
¡¢
¡£
¡¥
¡¦
¡¨
¡ª
¡«
¡¬
¡­
H
A
L
F
W
I
D
T
H
_
A
N
D
_
F
U
L
L
W
I
D
T
H
_
F
O
R
M
S
 
£¡
£¢
££
£¤
£¥
£¦
£§
£¨
£©
£ª
H
A
N
G
U
L
_
C
O
M
P
A
T
I
B
I
L
I
T
Y
_
J
A
M
O
 
¤¡
¤¢
¤£
¤¤
¤¥
¤¦
¤§
¤¨
¤©
¤ª
N
U
M
B
E
R
_
F
O
R
M
S
 
¥¡
¥¢
¥£
¥¤
¥¥
¥¦
¥§
¥¨
¥©
¥ª
B
O
X
_
D
R
A
W
I
N
G
 
¦¡
¦¢
¦£
¦¤
¦¥
¦¦
¦§
¦¨
¦©
¦ª
C
J
K
_
C
O
M
P
A
T
I
B
I
L
I
T
Y
 
§¡
§¢
§£
§¤
§¥
§¦
§§
§¨
§©
§ª
L
A
T
I
N
_
E
X
T
E
N
D
E
D
_
A
 
¨¤
¨¦
¨¨
¨©
¨«
¨®
¨¯
¨±
¨²
¨³
H
I
R
A
G
A
N
A
 
ª¡
ª¢
ª£
ª¤
ª¥
ª¦
ª§
ª¨
ª©
ªª
K
A
T
A
K
A
N
A
 
«¡
«¢
«£
«¤
«¥
«¦
«§
«¨
«©
«ª
C
Y
R
I
L
L
I
C
 
¬¡
¬¢
¬£
¬¤
¬¥
¬¦
¬§
¬¨
¬©
¬ª
H
A
N
G
U
L
_
S
Y
L
L
A
B
L
E
S
 
°¡
°¢
°£
°¤
°¥
°¦
°§
°¨
°©
°ª
C
J
K
_
U
N
I
F
I
E
D
_
I
D
E
O
G
R
A
P
H
S
 
Ê¡
Ê¢
Ê£
Ê¤
Ê¥
Ê¦
Ê§
Ê¨
Ê©
Êª
C
J
K
_
S
Y
M
B
O
L
S
_
A
N
D
_
P
U
N
C
T
U
A
T
I
O
N
¡¡
¡¢
¡£
¡¥
¡¦
¡¨
¡ª
¡«
¡¬
¡­
H
A
L
F
W
I
D
T
H
_
A
N
D
_
F
U
L
L
W
I
D
T
H
_
F
O
R
M
S
£¡
£¢
££
£¤
£¥
£¦
£§
£¨
£©
£ª
H
A
N
G
U
L
_
C
O
M
P
A
T
I
B
I
L
I
T
Y
_
J
A
M
O
¤¡
¤¢
¤£
¤¤
¤¥
¤¦
¤§
¤¨
¤©
¤ª
N
U
M
B
E
R
_
F
O
R
M
S
¥¡
¥¢
¥£
¥¤
¥¥
¥¦
¥§
¥¨
¥©
¥ª
B
O
X
_
D
R
A
W
I
N
G
¦¡
¦¢
¦£
¦¤
¦¥
¦¦
¦§
¦¨
¦©
¦ª
C
J
K
_
C
O
M
P
A
T
I
B
I
L
I
T
Y
§¡
§¢
§£
§¤
§¥
§¦
§§
§¨
§©
§ª
L
A
T
I
N
_
E
X
T
E
N
D
E
D
_
A
¨¤
¨¦
¨¨
¨©
¨«
¨®
¨¯
¨±
¨²
¨³
H
I
R
A
G
A
N
A
ª¡
ª¢
ª£
ª¤
ª¥
ª¦
ª§
ª¨
ª©
ªª
K
A
T
A
K
A
N
A
«¡
«¢
«£
«¤
«¥
«¦
«§
«¨
«©
«ª
C
Y
R
I
L
L
I
C
¬¡
¬¢
¬£
¬¤
¬¥
¬¦
¬§
¬¨
¬©
¬ª
H
A
N
G
U
L
_
S
Y
L
L
A
B
L
E
S
°¡
°¢
°£
°¤
°¥
°¦
°§
°¨
°©
°ª
C
J
K
_
U
N
I
F
I
E
D
_
I
D
E
O
G
R
A
P
H
S
Ê¡
Ê¢
Ê£
Ê¤
Ê¥
Ê¦
Ê§
Ê¨
Ê©
Êª

End of this test.
Word Boundary Test :
South
 
Korea
 
ÇÑ±¹
 
ùÛÏÐ
 
Seoul
 
¼­¿ïBusan
 
ºÎ»ê
 
Ý¼ß£
Chuncheon
 
ÃáÃµ
 
õðô¹
Daegu
 
´ë±¸
 
ÓÞÏÈ
Daejeon
 
´ëÀü
 
ÓÞï£
Gwangju
 
±¤ÁÖ
 
ÎÃñ¶
Gyeongju
 
°æÁÖ
 
ÌÔñ¶
Incheon
 
ÀÎÃµ
 
ìÒô¹
Jeonju
 
ÀüÁÖ
 
îïñ¶
Seoul¼­¿ïBusanºÎ»ê
Ý¼ß£
ChuncheonÃáÃµ
õðô¹
Daegu´ë±¸
ÓÞÏÈ
Daejeon´ëÀü
ÓÞï£
Gwangju±¤ÁÖ
ÎÃñ¶
Gyeongju°æÁÖ
ÌÔñ¶
IncheonÀÎÃµ
ìÒô¹
JeonjuÀüÁÖ
îïñ¶
CJK_SYMBOLS_AND_PUNCTUATION
 ¡¡
¡¢
¡£
¡¥
¡¦
¡¨
¡ª
¡«
¡¬
¡­
HALFWIDTH_AND_FULLWIDTH_FORMS
 
£¡
£¢
££
£¤
£¥
£¦
£§
£¨
£©
£ª
HANGUL_COMPATIBILITY_JAMO
 
¤¡¤¢¤£¤¤¤¥¤¦¤§¤¨¤©¤ªNUMBER_FORMS
 
¥¡¥¢¥£¥¤¥¥¥¦¥§¥¨¥©¥ªBOX_DRAWING
 
¦¡
¦¢
¦£
¦¤
¦¥
¦¦
¦§
¦¨
¦©
¦ª
CJK_COMPATIBILITY
 
§¡
§¢
§£
§¤
§¥
§¦
§§
§¨
§©
§ª
LATIN_EXTENDED_A
 
¨¤¨¦¨¨¨©¨«¨®¨¯
¨±
¨²
¨³
HIRAGANA
 
ª¡ª¢ª£ª¤ª¥ª¦ª§ª¨ª©ªª
KATAKANA
 
«¡«¢«£«¤«¥«¦«§«¨«©«ª
CYRILLIC
 
¬¡¬¢¬£¬¤¬¥¬¦¬§¬¨¬©¬ªHANGUL_SYLLABLES
 
°¡°¢°£°¤°¥°¦°§°¨°©°ªCJK_UNIFIED_IDEOGRAPHS
 
Ê¡Ê¢Ê£Ê¤Ê¥Ê¦Ê§Ê¨Ê©Êª
CJK_SYMBOLS_AND_PUNCTUATION
¡¡
¡¢
¡£
¡¥
¡¦
¡¨
¡ª
¡«
¡¬
¡­
HALFWIDTH_AND_FULLWIDTH_FORMS
£¡
£¢
££
£¤
£¥
£¦
£§
£¨
£©
£ª
HANGUL_COMPATIBILITY_JAMO¤¡¤¢¤£¤¤¤¥¤¦¤§¤¨¤©¤ªNUMBER_FORMS¥¡¥¢¥£¥¤¥¥¥¦¥§¥¨¥©¥ªBOX_DRAWING
¦¡
¦¢
¦£
¦¤
¦¥
¦¦
¦§
¦¨
¦©
¦ª
CJK_COMPATIBILITY
§¡
§¢
§£
§¤
§¥
§¦
§§
§¨
§©
§ª
LATIN_EXTENDED_A¨¤¨¦¨¨¨©¨«¨®¨¯
¨±
¨²
¨³
HIRAGANA
ª¡ª¢ª£ª¤ª¥ª¦ª§ª¨ª©ªª
KATAKANA
«¡«¢«£«¤«¥«¦«§«¨«©«ª
CYRILLIC¬¡¬¢¬£¬¤¬¥¬¦¬§¬¨¬©¬ªHANGUL_SYLLABLES°¡°¢°£°¤°¥°¦°§°¨°©°ªCJK_UNIFIED_IDEOGRAPHS
Ê¡Ê¢Ê£Ê¤Ê¥Ê¦Ê§Ê¨Ê©Êª

End of this test.
Sentence Boundary Test :
South Korea ÇÑ±¹ ùÛÏÐ Seoul ¼­¿ïBusan ºÎ»ê Ý¼ß£Chuncheon ÃáÃµ õðô¹Daegu ´ë±¸ ÓÞÏÈDaejeon ´ëÀü ÓÞï£Gwangju ±¤ÁÖ ÎÃñ¶Gyeongju °æÁÖ ÌÔñ¶Incheon ÀÎÃµ ìÒô¹Jeonju ÀüÁÖ îïñ¶Seoul¼­¿ïBusanºÎ»êÝ¼ß£ChuncheonÃáÃµõðô¹Daegu´ë±¸ÓÞÏÈDaejeon´ëÀüÓÞï£Gwangju±¤ÁÖÎÃñ¶Gyeongju°æÁÖÌÔñ¶IncheonÀÎÃµìÒô¹JeonjuÀüÁÖîïñ¶CJK_SYMBOLS_AND_PUNCTUATION ¡¡¡¢¡£
¡¥¡¦¡¨¡ª¡«¡¬¡­HALFWIDTH_AND_FULLWIDTH_FORMS £¡
£¢£££¤£¥£¦£§£¨£©£ªHANGUL_COMPATIBILITY_JAMO ¤¡¤¢¤£¤¤¤¥¤¦¤§¤¨¤©¤ªNUMBER_FORMS ¥¡¥¢¥£¥¤¥¥¥¦¥§¥¨¥©¥ªBOX_DRAWING ¦¡¦¢¦£¦¤¦¥¦¦¦§¦¨¦©¦ªCJK_COMPATIBILITY §¡§¢§£§¤§¥§¦§§§¨§©§ªLATIN_EXTENDED_A ¨¤¨¦¨¨¨©¨«¨®¨¯¨±¨²¨³HIRAGANA ª¡ª¢ª£ª¤ª¥ª¦ª§ª¨ª©ªªKATAKANA «¡«¢«£«¤«¥«¦«§«¨«©«ªCYRILLIC ¬¡¬¢¬£¬¤¬¥¬¦¬§¬¨¬©¬ªHANGUL_SYLLABLES °¡°¢°£°¤°¥°¦°§°¨°©°ªCJK_UNIFIED_IDEOGRAPHS Ê¡Ê¢Ê£Ê¤Ê¥Ê¦Ê§Ê¨Ê©ÊªCJK_SYMBOLS_AND_PUNCTUATION¡¡¡¢¡£
¡¥¡¦¡¨¡ª¡«¡¬¡­HALFWIDTH_AND_FULLWIDTH_FORMS£¡
£¢£££¤£¥£¦£§£¨£©£ªHANGUL_COMPATIBILITY_JAMO¤¡¤¢¤£¤¤¤¥¤¦¤§¤¨¤©¤ªNUMBER_FORMS¥¡¥¢¥£¥¤¥¥¥¦¥§¥¨¥©¥ªBOX_DRAWING¦¡¦¢¦£¦¤¦¥¦¦¦§¦¨¦©¦ªCJK_COMPATIBILITY§¡§¢§£§¤§¥§¦§§§¨§©§ªLATIN_EXTENDED_A¨¤¨¦¨¨¨©¨«¨®¨¯¨±¨²¨³HIRAGANAª¡ª¢ª£ª¤ª¥ª¦ª§ª¨ª©ªªKATAKANA«¡«¢«£«¤«¥«¦«§«¨«©«ªCYRILLIC¬¡¬¢¬£¬¤¬¥¬¦¬§¬¨¬©¬ªHANGUL_SYLLABLES°¡°¢°£°¤°¥°¦°§°¨°©°ªCJK_UNIFIED_IDEOGRAPHSÊ¡Ê¢Ê£Ê¤Ê¥Ê¦Ê§Ê¨Ê©Êª

End of this test.
Line Boundary Test :
South 
Korea 
ÇÑ
±¹ 
ùÛ
ÏÐ 
Seoul 
¼­
¿ï
Busan 
ºÎ
»ê 
Ý¼
ß£
Chuncheon 
Ãá
Ãµ 
õð
ô¹
Daegu 
´ë
±¸ 
ÓÞ
ÏÈ
Daejeon 
´ë
Àü 
ÓÞ
ï£
Gwangju 
±¤
ÁÖ 
ÎÃ
ñ¶
Gyeongju 
°æ
ÁÖ 
ÌÔ
ñ¶
Incheon 
ÀÎ
Ãµ 
ìÒ
ô¹
Jeonju 
Àü
ÁÖ 
îï
ñ¶
Seoul
¼­
¿ï
Busan
ºÎ
»ê
Ý¼
ß£
Chuncheon
Ãá
Ãµ
õð
ô¹
Daegu
´ë
±¸
ÓÞ
ÏÈ
Daejeon
´ë
Àü
ÓÞ
ï£
Gwangju
±¤
ÁÖ
ÎÃ
ñ¶
Gyeongju
°æ
ÁÖ
ÌÔ
ñ¶
Incheon
ÀÎ
Ãµ
ìÒ
ô¹
Jeonju
Àü
ÁÖ
îï
ñ¶
CJK_SYMBOLS_AND_PUNCTUATION ¡¡
¡¢¡£
¡¥¡¦¡¨¡ª
¡«¡¬¡­HALFWIDTH_AND_FULLWIDTH_FORMS 
£¡
£¢££
£¤£¥
£¦£§
£¨£©
£ªHANGUL_COMPATIBILITY_JAMO 
¤¡¤¢¤£¤¤¤¥¤¦¤§¤¨¤©¤ªNUMBER_FORMS 
¥¡¥¢¥£¥¤¥¥¥¦¥§¥¨¥©¥ªBOX_DRAWING 
¦¡¦¢¦£¦¤¦¥¦¦¦§¦¨¦©¦ªCJK_COMPATIBILITY 
§¡§¢§£§¤§¥§¦§§§¨§©§ªLATIN_EXTENDED_A 
¨¤¨¦¨¨¨©¨«¨®¨¯¨±¨²¨³HIRAGANA 
ª¡
ª¢ª£
ª¤ª¥
ª¦ª§
ª¨ª©
ªª
KATAKANA 
«¡
«¢«£
«¤«¥
«¦«§
«¨«©
«ª
CYRILLIC 
¬¡¬¢¬£¬¤¬¥¬¦¬§¬¨¬©¬ªHANGUL_SYLLABLES 
°¡
°¢
°£
°¤
°¥
°¦
°§
°¨
°©
°ª
CJK_UNIFIED_IDEOGRAPHS 
Ê¡
Ê¢
Ê£
Ê¤
Ê¥
Ê¦
Ê§
Ê¨
Ê©
Êª
CJK_SYMBOLS_AND_PUNCTUATION¡¡
¡¢¡£
¡¥¡¦¡¨¡ª
¡«¡¬¡­HALFWIDTH_AND_FULLWIDTH_FORMS£¡
£¢££
£¤£¥
£¦£§
£¨£©
£ªHANGUL_COMPATIBILITY_JAMO¤¡¤¢¤£¤¤¤¥¤¦¤§¤¨¤©¤ªNUMBER_FORMS¥¡¥¢¥£¥¤¥¥¥¦¥§¥¨¥©¥ªBOX_DRAWING¦¡¦¢¦£¦¤¦¥¦¦¦§¦¨¦©¦ªCJK_COMPATIBILITY§¡§¢§£§¤§¥§¦§§§¨§©§ªLATIN_EXTENDED_A¨¤¨¦¨¨¨©¨«¨®¨¯¨±¨²¨³HIRAGANAª¡
ª¢ª£
ª¤ª¥
ª¦ª§
ª¨ª©
ªª
KATAKANA«¡
«¢«£
«¤«¥
«¦«§
«¨«©
«ª
CYRILLIC¬¡¬¢¬£¬¤¬¥¬¦¬§¬¨¬©¬ªHANGUL_SYLLABLES
°¡
°¢
°£
°¤
°¥
°¦
°§
°¨
°©
°ª
CJK_UNIFIED_IDEOGRAPHS
Ê¡
Ê¢
Ê£
Ê¤
Ê¥
Ê¦
Ê§
Ê¨
Ê©
Êª

End of this test.
