setMaximumFractionDigits : 1 input : 10000 ===> FORMAT : [1만] ===> PARSE : [10000]
setMaximumFractionDigits : 2 input : 10000 ===> FORMAT : [1만] ===> PARSE : [10000]
setMaximumFractionDigits : 3 input : 10000 ===> FORMAT : [1만] ===> PARSE : [10000]
setMaximumFractionDigits : 4 input : 10000 ===> FORMAT : [1만] ===> PARSE : [10000]
+++++
setMaximumFractionDigits : 1 input : 100000000 ===> FORMAT : [1억] ===> PARSE : [100000000]
setMaximumFractionDigits : 2 input : 100000000 ===> FORMAT : [1억] ===> PARSE : [100000000]
setMaximumFractionDigits : 3 input : 100000000 ===> FORMAT : [1억] ===> PARSE : [100000000]
setMaximumFractionDigits : 4 input : 100000000 ===> FORMAT : [1억] ===> PARSE : [100000000]
+++++
setMaximumFractionDigits : 1 input : 1000000000000 ===> FORMAT : [1조] ===> PARSE : [1000000000000]
setMaximumFractionDigits : 2 input : 1000000000000 ===> FORMAT : [1조] ===> PARSE : [1000000000000]
setMaximumFractionDigits : 3 input : 1000000000000 ===> FORMAT : [1조] ===> PARSE : [1000000000000]
setMaximumFractionDigits : 4 input : 1000000000000 ===> FORMAT : [1조] ===> PARSE : [1000000000000]
+++++
setMaximumFractionDigits : 1 input : 10000000000000000 ===> FORMAT : [10000조] ===> PARSE : [10000000000000000]
setMaximumFractionDigits : 2 input : 10000000000000000 ===> FORMAT : [10000조] ===> PARSE : [10000000000000000]
setMaximumFractionDigits : 3 input : 10000000000000000 ===> FORMAT : [10000조] ===> PARSE : [10000000000000000]
setMaximumFractionDigits : 4 input : 10000000000000000 ===> FORMAT : [10000조] ===> PARSE : [10000000000000000]
+++++
setMaximumFractionDigits : 1 input : 19400 ===> FORMAT : [1.9만] ===> PARSE : [19000]
setMaximumFractionDigits : 2 input : 19400 ===> FORMAT : [1.94만] ===> PARSE : [19400]
setMaximumFractionDigits : 3 input : 19400 ===> FORMAT : [1.94만] ===> PARSE : [19400]
setMaximumFractionDigits : 4 input : 19400 ===> FORMAT : [1.94만] ===> PARSE : [19400]
+++++
setMaximumFractionDigits : 1 input : 19500 ===> FORMAT : [1.9만] ===> PARSE : [19000]
setMaximumFractionDigits : 2 input : 19500 ===> FORMAT : [1.95만] ===> PARSE : [19500]
setMaximumFractionDigits : 3 input : 19500 ===> FORMAT : [1.95만] ===> PARSE : [19500]
setMaximumFractionDigits : 4 input : 19500 ===> FORMAT : [1.95만] ===> PARSE : [19500]
+++++
setMaximumFractionDigits : 1 input : 19600 ===> FORMAT : [2만] ===> PARSE : [20000]
setMaximumFractionDigits : 2 input : 19600 ===> FORMAT : [1.96만] ===> PARSE : [19600]
setMaximumFractionDigits : 3 input : 19600 ===> FORMAT : [1.96만] ===> PARSE : [19600]
setMaximumFractionDigits : 4 input : 19600 ===> FORMAT : [1.96만] ===> PARSE : [19600]
+++++
setMaximumFractionDigits : 1 input : 19940 ===> FORMAT : [2만] ===> PARSE : [20000]
setMaximumFractionDigits : 2 input : 19940 ===> FORMAT : [1.99만] ===> PARSE : [19900]
setMaximumFractionDigits : 3 input : 19940 ===> FORMAT : [1.994만] ===> PARSE : [19940]
setMaximumFractionDigits : 4 input : 19940 ===> FORMAT : [1.994만] ===> PARSE : [19940]
+++++
setMaximumFractionDigits : 1 input : 19950 ===> FORMAT : [2만] ===> PARSE : [20000]
setMaximumFractionDigits : 2 input : 19950 ===> FORMAT : [2만] ===> PARSE : [20000]
setMaximumFractionDigits : 3 input : 19950 ===> FORMAT : [1.995만] ===> PARSE : [19950]
setMaximumFractionDigits : 4 input : 19950 ===> FORMAT : [1.995만] ===> PARSE : [19950]
+++++
setMaximumFractionDigits : 1 input : 19960 ===> FORMAT : [2만] ===> PARSE : [20000]
setMaximumFractionDigits : 2 input : 19960 ===> FORMAT : [2만] ===> PARSE : [20000]
setMaximumFractionDigits : 3 input : 19960 ===> FORMAT : [1.996만] ===> PARSE : [19960]
setMaximumFractionDigits : 4 input : 19960 ===> FORMAT : [1.996만] ===> PARSE : [19960]
+++++
setMaximumFractionDigits : 1 input : 19994 ===> FORMAT : [2만] ===> PARSE : [20000]
setMaximumFractionDigits : 2 input : 19994 ===> FORMAT : [2만] ===> PARSE : [20000]
setMaximumFractionDigits : 3 input : 19994 ===> FORMAT : [1.999만] ===> PARSE : [19990]
setMaximumFractionDigits : 4 input : 19994 ===> FORMAT : [1.9994만] ===> PARSE : [19994]
+++++
setMaximumFractionDigits : 1 input : 19995 ===> FORMAT : [2만] ===> PARSE : [20000]
setMaximumFractionDigits : 2 input : 19995 ===> FORMAT : [2만] ===> PARSE : [20000]
setMaximumFractionDigits : 3 input : 19995 ===> FORMAT : [2만] ===> PARSE : [20000]
setMaximumFractionDigits : 4 input : 19995 ===> FORMAT : [1.9995만] ===> PARSE : [19995]
+++++
setMaximumFractionDigits : 1 input : 19996 ===> FORMAT : [2만] ===> PARSE : [20000]
setMaximumFractionDigits : 2 input : 19996 ===> FORMAT : [2만] ===> PARSE : [20000]
setMaximumFractionDigits : 3 input : 19996 ===> FORMAT : [2만] ===> PARSE : [20000]
setMaximumFractionDigits : 4 input : 19996 ===> FORMAT : [1.9996만] ===> PARSE : [19996]
+++++
setMinimumFractionDigits : 1 input : 10000 ===> FORMAT : [1.0만] ===> PARSE : [10000]
setMinimumFractionDigits : 2 input : 10000 ===> FORMAT : [1.00만] ===> PARSE : [10000]
setMinimumFractionDigits : 3 input : 10000 ===> FORMAT : [1.000만] ===> PARSE : [10000]
setMinimumFractionDigits : 4 input : 10000 ===> FORMAT : [1.0000만] ===> PARSE : [10000]
+++++
setMinimumFractionDigits : 1 input : 100000000 ===> FORMAT : [1.0억] ===> PARSE : [100000000]
setMinimumFractionDigits : 2 input : 100000000 ===> FORMAT : [1.00억] ===> PARSE : [100000000]
setMinimumFractionDigits : 3 input : 100000000 ===> FORMAT : [1.000억] ===> PARSE : [100000000]
setMinimumFractionDigits : 4 input : 100000000 ===> FORMAT : [1.0000억] ===> PARSE : [100000000]
+++++
setMinimumFractionDigits : 1 input : 1000000000000 ===> FORMAT : [1.0조] ===> PARSE : [1000000000000]
setMinimumFractionDigits : 2 input : 1000000000000 ===> FORMAT : [1.00조] ===> PARSE : [1000000000000]
setMinimumFractionDigits : 3 input : 1000000000000 ===> FORMAT : [1.000조] ===> PARSE : [1000000000000]
setMinimumFractionDigits : 4 input : 1000000000000 ===> FORMAT : [1.0000조] ===> PARSE : [1000000000000]
+++++
setMinimumFractionDigits : 1 input : 10000000000000000 ===> FORMAT : [10000.0조] ===> PARSE : [10000000000000000]
setMinimumFractionDigits : 2 input : 10000000000000000 ===> FORMAT : [10000.00조] ===> PARSE : [10000000000000000]
setMinimumFractionDigits : 3 input : 10000000000000000 ===> FORMAT : [10000.000조] ===> PARSE : [10000000000000000]
setMinimumFractionDigits : 4 input : 10000000000000000 ===> FORMAT : [10000.0000조] ===> PARSE : [10000000000000000]
+++++
setMinimumFractionDigits : 1 input : 19400 ===> FORMAT : [1.94만] ===> PARSE : [19400]
setMinimumFractionDigits : 2 input : 19400 ===> FORMAT : [1.94만] ===> PARSE : [19400]
setMinimumFractionDigits : 3 input : 19400 ===> FORMAT : [1.940만] ===> PARSE : [19400]
setMinimumFractionDigits : 4 input : 19400 ===> FORMAT : [1.9400만] ===> PARSE : [19400]
+++++
setMinimumFractionDigits : 1 input : 19500 ===> FORMAT : [1.95만] ===> PARSE : [19500]
setMinimumFractionDigits : 2 input : 19500 ===> FORMAT : [1.95만] ===> PARSE : [19500]
setMinimumFractionDigits : 3 input : 19500 ===> FORMAT : [1.950만] ===> PARSE : [19500]
setMinimumFractionDigits : 4 input : 19500 ===> FORMAT : [1.9500만] ===> PARSE : [19500]
+++++
setMinimumFractionDigits : 1 input : 19600 ===> FORMAT : [1.96만] ===> PARSE : [19600]
setMinimumFractionDigits : 2 input : 19600 ===> FORMAT : [1.96만] ===> PARSE : [19600]
setMinimumFractionDigits : 3 input : 19600 ===> FORMAT : [1.960만] ===> PARSE : [19600]
setMinimumFractionDigits : 4 input : 19600 ===> FORMAT : [1.9600만] ===> PARSE : [19600]
+++++
setMinimumFractionDigits : 1 input : 19940 ===> FORMAT : [1.994만] ===> PARSE : [19940]
setMinimumFractionDigits : 2 input : 19940 ===> FORMAT : [1.994만] ===> PARSE : [19940]
setMinimumFractionDigits : 3 input : 19940 ===> FORMAT : [1.994만] ===> PARSE : [19940]
setMinimumFractionDigits : 4 input : 19940 ===> FORMAT : [1.9940만] ===> PARSE : [19940]
+++++
setMinimumFractionDigits : 1 input : 19950 ===> FORMAT : [1.995만] ===> PARSE : [19950]
setMinimumFractionDigits : 2 input : 19950 ===> FORMAT : [1.995만] ===> PARSE : [19950]
setMinimumFractionDigits : 3 input : 19950 ===> FORMAT : [1.995만] ===> PARSE : [19950]
setMinimumFractionDigits : 4 input : 19950 ===> FORMAT : [1.9950만] ===> PARSE : [19950]
+++++
setMinimumFractionDigits : 1 input : 19960 ===> FORMAT : [1.996만] ===> PARSE : [19960]
setMinimumFractionDigits : 2 input : 19960 ===> FORMAT : [1.996만] ===> PARSE : [19960]
setMinimumFractionDigits : 3 input : 19960 ===> FORMAT : [1.996만] ===> PARSE : [19960]
setMinimumFractionDigits : 4 input : 19960 ===> FORMAT : [1.9960만] ===> PARSE : [19960]
+++++
setMinimumFractionDigits : 1 input : 19994 ===> FORMAT : [1.9994만] ===> PARSE : [19994]
setMinimumFractionDigits : 2 input : 19994 ===> FORMAT : [1.9994만] ===> PARSE : [19994]
setMinimumFractionDigits : 3 input : 19994 ===> FORMAT : [1.9994만] ===> PARSE : [19994]
setMinimumFractionDigits : 4 input : 19994 ===> FORMAT : [1.9994만] ===> PARSE : [19994]
+++++
setMinimumFractionDigits : 1 input : 19995 ===> FORMAT : [1.9995만] ===> PARSE : [19995]
setMinimumFractionDigits : 2 input : 19995 ===> FORMAT : [1.9995만] ===> PARSE : [19995]
setMinimumFractionDigits : 3 input : 19995 ===> FORMAT : [1.9995만] ===> PARSE : [19995]
setMinimumFractionDigits : 4 input : 19995 ===> FORMAT : [1.9995만] ===> PARSE : [19995]
+++++
setMinimumFractionDigits : 1 input : 19996 ===> FORMAT : [1.9996만] ===> PARSE : [19996]
setMinimumFractionDigits : 2 input : 19996 ===> FORMAT : [1.9996만] ===> PARSE : [19996]
setMinimumFractionDigits : 3 input : 19996 ===> FORMAT : [1.9996만] ===> PARSE : [19996]
setMinimumFractionDigits : 4 input : 19996 ===> FORMAT : [1.9996만] ===> PARSE : [19996]
+++++
