setMaximumFractionDigits : 1 input : 10000 ===> FORMAT : [1萬] ===> PARSE : [10000]
setMaximumFractionDigits : 2 input : 10000 ===> FORMAT : [1萬] ===> PARSE : [10000]
setMaximumFractionDigits : 3 input : 10000 ===> FORMAT : [1萬] ===> PARSE : [10000]
setMaximumFractionDigits : 4 input : 10000 ===> FORMAT : [1萬] ===> PARSE : [10000]
+++++
setMaximumFractionDigits : 1 input : 100000000 ===> FORMAT : [1億] ===> PARSE : [100000000]
setMaximumFractionDigits : 2 input : 100000000 ===> FORMAT : [1億] ===> PARSE : [100000000]
setMaximumFractionDigits : 3 input : 100000000 ===> FORMAT : [1億] ===> PARSE : [100000000]
setMaximumFractionDigits : 4 input : 100000000 ===> FORMAT : [1億] ===> PARSE : [100000000]
+++++
setMaximumFractionDigits : 1 input : 1000000000000 ===> FORMAT : [1兆] ===> PARSE : [1000000000000]
setMaximumFractionDigits : 2 input : 1000000000000 ===> FORMAT : [1兆] ===> PARSE : [1000000000000]
setMaximumFractionDigits : 3 input : 1000000000000 ===> FORMAT : [1兆] ===> PARSE : [1000000000000]
setMaximumFractionDigits : 4 input : 1000000000000 ===> FORMAT : [1兆] ===> PARSE : [1000000000000]
+++++
setMaximumFractionDigits : 1 input : 10000000000000000 ===> FORMAT : [10000兆] ===> PARSE : [10000000000000000]
setMaximumFractionDigits : 2 input : 10000000000000000 ===> FORMAT : [10000兆] ===> PARSE : [10000000000000000]
setMaximumFractionDigits : 3 input : 10000000000000000 ===> FORMAT : [10000兆] ===> PARSE : [10000000000000000]
setMaximumFractionDigits : 4 input : 10000000000000000 ===> FORMAT : [10000兆] ===> PARSE : [10000000000000000]
+++++
setMaximumFractionDigits : 1 input : 19400 ===> FORMAT : [1.9萬] ===> PARSE : [19000]
setMaximumFractionDigits : 2 input : 19400 ===> FORMAT : [1.94萬] ===> PARSE : [19400]
setMaximumFractionDigits : 3 input : 19400 ===> FORMAT : [1.94萬] ===> PARSE : [19400]
setMaximumFractionDigits : 4 input : 19400 ===> FORMAT : [1.94萬] ===> PARSE : [19400]
+++++
setMaximumFractionDigits : 1 input : 19500 ===> FORMAT : [1.9萬] ===> PARSE : [19000]
setMaximumFractionDigits : 2 input : 19500 ===> FORMAT : [1.95萬] ===> PARSE : [19500]
setMaximumFractionDigits : 3 input : 19500 ===> FORMAT : [1.95萬] ===> PARSE : [19500]
setMaximumFractionDigits : 4 input : 19500 ===> FORMAT : [1.95萬] ===> PARSE : [19500]
+++++
setMaximumFractionDigits : 1 input : 19600 ===> FORMAT : [2萬] ===> PARSE : [20000]
setMaximumFractionDigits : 2 input : 19600 ===> FORMAT : [1.96萬] ===> PARSE : [19600]
setMaximumFractionDigits : 3 input : 19600 ===> FORMAT : [1.96萬] ===> PARSE : [19600]
setMaximumFractionDigits : 4 input : 19600 ===> FORMAT : [1.96萬] ===> PARSE : [19600]
+++++
setMaximumFractionDigits : 1 input : 19940 ===> FORMAT : [2萬] ===> PARSE : [20000]
setMaximumFractionDigits : 2 input : 19940 ===> FORMAT : [1.99萬] ===> PARSE : [19900]
setMaximumFractionDigits : 3 input : 19940 ===> FORMAT : [1.994萬] ===> PARSE : [19940]
setMaximumFractionDigits : 4 input : 19940 ===> FORMAT : [1.994萬] ===> PARSE : [19940]
+++++
setMaximumFractionDigits : 1 input : 19950 ===> FORMAT : [2萬] ===> PARSE : [20000]
setMaximumFractionDigits : 2 input : 19950 ===> FORMAT : [2萬] ===> PARSE : [20000]
setMaximumFractionDigits : 3 input : 19950 ===> FORMAT : [1.995萬] ===> PARSE : [19950]
setMaximumFractionDigits : 4 input : 19950 ===> FORMAT : [1.995萬] ===> PARSE : [19950]
+++++
setMaximumFractionDigits : 1 input : 19960 ===> FORMAT : [2萬] ===> PARSE : [20000]
setMaximumFractionDigits : 2 input : 19960 ===> FORMAT : [2萬] ===> PARSE : [20000]
setMaximumFractionDigits : 3 input : 19960 ===> FORMAT : [1.996萬] ===> PARSE : [19960]
setMaximumFractionDigits : 4 input : 19960 ===> FORMAT : [1.996萬] ===> PARSE : [19960]
+++++
setMaximumFractionDigits : 1 input : 19994 ===> FORMAT : [2萬] ===> PARSE : [20000]
setMaximumFractionDigits : 2 input : 19994 ===> FORMAT : [2萬] ===> PARSE : [20000]
setMaximumFractionDigits : 3 input : 19994 ===> FORMAT : [1.999萬] ===> PARSE : [19990]
setMaximumFractionDigits : 4 input : 19994 ===> FORMAT : [1.9994萬] ===> PARSE : [19994]
+++++
setMaximumFractionDigits : 1 input : 19995 ===> FORMAT : [2萬] ===> PARSE : [20000]
setMaximumFractionDigits : 2 input : 19995 ===> FORMAT : [2萬] ===> PARSE : [20000]
setMaximumFractionDigits : 3 input : 19995 ===> FORMAT : [2萬] ===> PARSE : [20000]
setMaximumFractionDigits : 4 input : 19995 ===> FORMAT : [1.9995萬] ===> PARSE : [19995]
+++++
setMaximumFractionDigits : 1 input : 19996 ===> FORMAT : [2萬] ===> PARSE : [20000]
setMaximumFractionDigits : 2 input : 19996 ===> FORMAT : [2萬] ===> PARSE : [20000]
setMaximumFractionDigits : 3 input : 19996 ===> FORMAT : [2萬] ===> PARSE : [20000]
setMaximumFractionDigits : 4 input : 19996 ===> FORMAT : [1.9996萬] ===> PARSE : [19996]
+++++
setMinimumFractionDigits : 1 input : 10000 ===> FORMAT : [1.0萬] ===> PARSE : [10000]
setMinimumFractionDigits : 2 input : 10000 ===> FORMAT : [1.00萬] ===> PARSE : [10000]
setMinimumFractionDigits : 3 input : 10000 ===> FORMAT : [1.000萬] ===> PARSE : [10000]
setMinimumFractionDigits : 4 input : 10000 ===> FORMAT : [1.0000萬] ===> PARSE : [10000]
+++++
setMinimumFractionDigits : 1 input : 100000000 ===> FORMAT : [1.0億] ===> PARSE : [100000000]
setMinimumFractionDigits : 2 input : 100000000 ===> FORMAT : [1.00億] ===> PARSE : [100000000]
setMinimumFractionDigits : 3 input : 100000000 ===> FORMAT : [1.000億] ===> PARSE : [100000000]
setMinimumFractionDigits : 4 input : 100000000 ===> FORMAT : [1.0000億] ===> PARSE : [100000000]
+++++
setMinimumFractionDigits : 1 input : 1000000000000 ===> FORMAT : [1.0兆] ===> PARSE : [1000000000000]
setMinimumFractionDigits : 2 input : 1000000000000 ===> FORMAT : [1.00兆] ===> PARSE : [1000000000000]
setMinimumFractionDigits : 3 input : 1000000000000 ===> FORMAT : [1.000兆] ===> PARSE : [1000000000000]
setMinimumFractionDigits : 4 input : 1000000000000 ===> FORMAT : [1.0000兆] ===> PARSE : [1000000000000]
+++++
setMinimumFractionDigits : 1 input : 10000000000000000 ===> FORMAT : [10000.0兆] ===> PARSE : [10000000000000000]
setMinimumFractionDigits : 2 input : 10000000000000000 ===> FORMAT : [10000.00兆] ===> PARSE : [10000000000000000]
setMinimumFractionDigits : 3 input : 10000000000000000 ===> FORMAT : [10000.000兆] ===> PARSE : [10000000000000000]
setMinimumFractionDigits : 4 input : 10000000000000000 ===> FORMAT : [10000.0000兆] ===> PARSE : [10000000000000000]
+++++
setMinimumFractionDigits : 1 input : 19400 ===> FORMAT : [1.94萬] ===> PARSE : [19400]
setMinimumFractionDigits : 2 input : 19400 ===> FORMAT : [1.94萬] ===> PARSE : [19400]
setMinimumFractionDigits : 3 input : 19400 ===> FORMAT : [1.940萬] ===> PARSE : [19400]
setMinimumFractionDigits : 4 input : 19400 ===> FORMAT : [1.9400萬] ===> PARSE : [19400]
+++++
setMinimumFractionDigits : 1 input : 19500 ===> FORMAT : [1.95萬] ===> PARSE : [19500]
setMinimumFractionDigits : 2 input : 19500 ===> FORMAT : [1.95萬] ===> PARSE : [19500]
setMinimumFractionDigits : 3 input : 19500 ===> FORMAT : [1.950萬] ===> PARSE : [19500]
setMinimumFractionDigits : 4 input : 19500 ===> FORMAT : [1.9500萬] ===> PARSE : [19500]
+++++
setMinimumFractionDigits : 1 input : 19600 ===> FORMAT : [1.96萬] ===> PARSE : [19600]
setMinimumFractionDigits : 2 input : 19600 ===> FORMAT : [1.96萬] ===> PARSE : [19600]
setMinimumFractionDigits : 3 input : 19600 ===> FORMAT : [1.960萬] ===> PARSE : [19600]
setMinimumFractionDigits : 4 input : 19600 ===> FORMAT : [1.9600萬] ===> PARSE : [19600]
+++++
setMinimumFractionDigits : 1 input : 19940 ===> FORMAT : [1.994萬] ===> PARSE : [19940]
setMinimumFractionDigits : 2 input : 19940 ===> FORMAT : [1.994萬] ===> PARSE : [19940]
setMinimumFractionDigits : 3 input : 19940 ===> FORMAT : [1.994萬] ===> PARSE : [19940]
setMinimumFractionDigits : 4 input : 19940 ===> FORMAT : [1.9940萬] ===> PARSE : [19940]
+++++
setMinimumFractionDigits : 1 input : 19950 ===> FORMAT : [1.995萬] ===> PARSE : [19950]
setMinimumFractionDigits : 2 input : 19950 ===> FORMAT : [1.995萬] ===> PARSE : [19950]
setMinimumFractionDigits : 3 input : 19950 ===> FORMAT : [1.995萬] ===> PARSE : [19950]
setMinimumFractionDigits : 4 input : 19950 ===> FORMAT : [1.9950萬] ===> PARSE : [19950]
+++++
setMinimumFractionDigits : 1 input : 19960 ===> FORMAT : [1.996萬] ===> PARSE : [19960]
setMinimumFractionDigits : 2 input : 19960 ===> FORMAT : [1.996萬] ===> PARSE : [19960]
setMinimumFractionDigits : 3 input : 19960 ===> FORMAT : [1.996萬] ===> PARSE : [19960]
setMinimumFractionDigits : 4 input : 19960 ===> FORMAT : [1.9960萬] ===> PARSE : [19960]
+++++
setMinimumFractionDigits : 1 input : 19994 ===> FORMAT : [1.9994萬] ===> PARSE : [19994]
setMinimumFractionDigits : 2 input : 19994 ===> FORMAT : [1.9994萬] ===> PARSE : [19994]
setMinimumFractionDigits : 3 input : 19994 ===> FORMAT : [1.9994萬] ===> PARSE : [19994]
setMinimumFractionDigits : 4 input : 19994 ===> FORMAT : [1.9994萬] ===> PARSE : [19994]
+++++
setMinimumFractionDigits : 1 input : 19995 ===> FORMAT : [1.9995萬] ===> PARSE : [19995]
setMinimumFractionDigits : 2 input : 19995 ===> FORMAT : [1.9995萬] ===> PARSE : [19995]
setMinimumFractionDigits : 3 input : 19995 ===> FORMAT : [1.9995萬] ===> PARSE : [19995]
setMinimumFractionDigits : 4 input : 19995 ===> FORMAT : [1.9995萬] ===> PARSE : [19995]
+++++
setMinimumFractionDigits : 1 input : 19996 ===> FORMAT : [1.9996萬] ===> PARSE : [19996]
setMinimumFractionDigits : 2 input : 19996 ===> FORMAT : [1.9996萬] ===> PARSE : [19996]
setMinimumFractionDigits : 3 input : 19996 ===> FORMAT : [1.9996萬] ===> PARSE : [19996]
setMinimumFractionDigits : 4 input : 19996 ===> FORMAT : [1.9996萬] ===> PARSE : [19996]
+++++
