setMaximumFractionDigits : 1 input : 10000 ===> FORMAT : [1万] ===> PARSE : [10000]
setMaximumFractionDigits : 2 input : 10000 ===> FORMAT : [1万] ===> PARSE : [10000]
setMaximumFractionDigits : 3 input : 10000 ===> FORMAT : [1万] ===> PARSE : [10000]
setMaximumFractionDigits : 4 input : 10000 ===> FORMAT : [1万] ===> PARSE : [10000]
+++++
setMaximumFractionDigits : 1 input : 100000000 ===> FORMAT : [1亿] ===> PARSE : [100000000]
setMaximumFractionDigits : 2 input : 100000000 ===> FORMAT : [1亿] ===> PARSE : [100000000]
setMaximumFractionDigits : 3 input : 100000000 ===> FORMAT : [1亿] ===> PARSE : [100000000]
setMaximumFractionDigits : 4 input : 100000000 ===> FORMAT : [1亿] ===> PARSE : [100000000]
+++++
setMaximumFractionDigits : 1 input : 1000000000000 ===> FORMAT : [1万亿] ===> PARSE : [1000000000000]
setMaximumFractionDigits : 2 input : 1000000000000 ===> FORMAT : [1万亿] ===> PARSE : [1000000000000]
setMaximumFractionDigits : 3 input : 1000000000000 ===> FORMAT : [1万亿] ===> PARSE : [1000000000000]
setMaximumFractionDigits : 4 input : 1000000000000 ===> FORMAT : [1万亿] ===> PARSE : [1000000000000]
+++++
setMaximumFractionDigits : 1 input : 10000000000000000 ===> FORMAT : [10000万亿] ===> PARSE : [10000000000000000]
setMaximumFractionDigits : 2 input : 10000000000000000 ===> FORMAT : [10000万亿] ===> PARSE : [10000000000000000]
setMaximumFractionDigits : 3 input : 10000000000000000 ===> FORMAT : [10000万亿] ===> PARSE : [10000000000000000]
setMaximumFractionDigits : 4 input : 10000000000000000 ===> FORMAT : [10000万亿] ===> PARSE : [10000000000000000]
+++++
setMaximumFractionDigits : 1 input : 19400 ===> FORMAT : [1.9万] ===> PARSE : [19000]
setMaximumFractionDigits : 2 input : 19400 ===> FORMAT : [1.94万] ===> PARSE : [19400]
setMaximumFractionDigits : 3 input : 19400 ===> FORMAT : [1.94万] ===> PARSE : [19400]
setMaximumFractionDigits : 4 input : 19400 ===> FORMAT : [1.94万] ===> PARSE : [19400]
+++++
setMaximumFractionDigits : 1 input : 19500 ===> FORMAT : [1.9万] ===> PARSE : [19000]
setMaximumFractionDigits : 2 input : 19500 ===> FORMAT : [1.95万] ===> PARSE : [19500]
setMaximumFractionDigits : 3 input : 19500 ===> FORMAT : [1.95万] ===> PARSE : [19500]
setMaximumFractionDigits : 4 input : 19500 ===> FORMAT : [1.95万] ===> PARSE : [19500]
+++++
setMaximumFractionDigits : 1 input : 19600 ===> FORMAT : [2万] ===> PARSE : [20000]
setMaximumFractionDigits : 2 input : 19600 ===> FORMAT : [1.96万] ===> PARSE : [19600]
setMaximumFractionDigits : 3 input : 19600 ===> FORMAT : [1.96万] ===> PARSE : [19600]
setMaximumFractionDigits : 4 input : 19600 ===> FORMAT : [1.96万] ===> PARSE : [19600]
+++++
setMaximumFractionDigits : 1 input : 19940 ===> FORMAT : [2万] ===> PARSE : [20000]
setMaximumFractionDigits : 2 input : 19940 ===> FORMAT : [1.99万] ===> PARSE : [19900]
setMaximumFractionDigits : 3 input : 19940 ===> FORMAT : [1.994万] ===> PARSE : [19940]
setMaximumFractionDigits : 4 input : 19940 ===> FORMAT : [1.994万] ===> PARSE : [19940]
+++++
setMaximumFractionDigits : 1 input : 19950 ===> FORMAT : [2万] ===> PARSE : [20000]
setMaximumFractionDigits : 2 input : 19950 ===> FORMAT : [2万] ===> PARSE : [20000]
setMaximumFractionDigits : 3 input : 19950 ===> FORMAT : [1.995万] ===> PARSE : [19950]
setMaximumFractionDigits : 4 input : 19950 ===> FORMAT : [1.995万] ===> PARSE : [19950]
+++++
setMaximumFractionDigits : 1 input : 19960 ===> FORMAT : [2万] ===> PARSE : [20000]
setMaximumFractionDigits : 2 input : 19960 ===> FORMAT : [2万] ===> PARSE : [20000]
setMaximumFractionDigits : 3 input : 19960 ===> FORMAT : [1.996万] ===> PARSE : [19960]
setMaximumFractionDigits : 4 input : 19960 ===> FORMAT : [1.996万] ===> PARSE : [19960]
+++++
setMaximumFractionDigits : 1 input : 19994 ===> FORMAT : [2万] ===> PARSE : [20000]
setMaximumFractionDigits : 2 input : 19994 ===> FORMAT : [2万] ===> PARSE : [20000]
setMaximumFractionDigits : 3 input : 19994 ===> FORMAT : [1.999万] ===> PARSE : [19990]
setMaximumFractionDigits : 4 input : 19994 ===> FORMAT : [1.9994万] ===> PARSE : [19994]
+++++
setMaximumFractionDigits : 1 input : 19995 ===> FORMAT : [2万] ===> PARSE : [20000]
setMaximumFractionDigits : 2 input : 19995 ===> FORMAT : [2万] ===> PARSE : [20000]
setMaximumFractionDigits : 3 input : 19995 ===> FORMAT : [2万] ===> PARSE : [20000]
setMaximumFractionDigits : 4 input : 19995 ===> FORMAT : [1.9995万] ===> PARSE : [19995]
+++++
setMaximumFractionDigits : 1 input : 19996 ===> FORMAT : [2万] ===> PARSE : [20000]
setMaximumFractionDigits : 2 input : 19996 ===> FORMAT : [2万] ===> PARSE : [20000]
setMaximumFractionDigits : 3 input : 19996 ===> FORMAT : [2万] ===> PARSE : [20000]
setMaximumFractionDigits : 4 input : 19996 ===> FORMAT : [1.9996万] ===> PARSE : [19996]
+++++
setMinimumFractionDigits : 1 input : 10000 ===> FORMAT : [1.0万] ===> PARSE : [10000]
setMinimumFractionDigits : 2 input : 10000 ===> FORMAT : [1.00万] ===> PARSE : [10000]
setMinimumFractionDigits : 3 input : 10000 ===> FORMAT : [1.000万] ===> PARSE : [10000]
setMinimumFractionDigits : 4 input : 10000 ===> FORMAT : [1.0000万] ===> PARSE : [10000]
+++++
setMinimumFractionDigits : 1 input : 100000000 ===> FORMAT : [1.0亿] ===> PARSE : [100000000]
setMinimumFractionDigits : 2 input : 100000000 ===> FORMAT : [1.00亿] ===> PARSE : [100000000]
setMinimumFractionDigits : 3 input : 100000000 ===> FORMAT : [1.000亿] ===> PARSE : [100000000]
setMinimumFractionDigits : 4 input : 100000000 ===> FORMAT : [1.0000亿] ===> PARSE : [100000000]
+++++
setMinimumFractionDigits : 1 input : 1000000000000 ===> FORMAT : [1.0万亿] ===> PARSE : [1000000000000]
setMinimumFractionDigits : 2 input : 1000000000000 ===> FORMAT : [1.00万亿] ===> PARSE : [1000000000000]
setMinimumFractionDigits : 3 input : 1000000000000 ===> FORMAT : [1.000万亿] ===> PARSE : [1000000000000]
setMinimumFractionDigits : 4 input : 1000000000000 ===> FORMAT : [1.0000万亿] ===> PARSE : [1000000000000]
+++++
setMinimumFractionDigits : 1 input : 10000000000000000 ===> FORMAT : [10000.0万亿] ===> PARSE : [10000000000000000]
setMinimumFractionDigits : 2 input : 10000000000000000 ===> FORMAT : [10000.00万亿] ===> PARSE : [10000000000000000]
setMinimumFractionDigits : 3 input : 10000000000000000 ===> FORMAT : [10000.000万亿] ===> PARSE : [10000000000000000]
setMinimumFractionDigits : 4 input : 10000000000000000 ===> FORMAT : [10000.0000万亿] ===> PARSE : [10000000000000000]
+++++
setMinimumFractionDigits : 1 input : 19400 ===> FORMAT : [1.94万] ===> PARSE : [19400]
setMinimumFractionDigits : 2 input : 19400 ===> FORMAT : [1.94万] ===> PARSE : [19400]
setMinimumFractionDigits : 3 input : 19400 ===> FORMAT : [1.940万] ===> PARSE : [19400]
setMinimumFractionDigits : 4 input : 19400 ===> FORMAT : [1.9400万] ===> PARSE : [19400]
+++++
setMinimumFractionDigits : 1 input : 19500 ===> FORMAT : [1.95万] ===> PARSE : [19500]
setMinimumFractionDigits : 2 input : 19500 ===> FORMAT : [1.95万] ===> PARSE : [19500]
setMinimumFractionDigits : 3 input : 19500 ===> FORMAT : [1.950万] ===> PARSE : [19500]
setMinimumFractionDigits : 4 input : 19500 ===> FORMAT : [1.9500万] ===> PARSE : [19500]
+++++
setMinimumFractionDigits : 1 input : 19600 ===> FORMAT : [1.96万] ===> PARSE : [19600]
setMinimumFractionDigits : 2 input : 19600 ===> FORMAT : [1.96万] ===> PARSE : [19600]
setMinimumFractionDigits : 3 input : 19600 ===> FORMAT : [1.960万] ===> PARSE : [19600]
setMinimumFractionDigits : 4 input : 19600 ===> FORMAT : [1.9600万] ===> PARSE : [19600]
+++++
setMinimumFractionDigits : 1 input : 19940 ===> FORMAT : [1.994万] ===> PARSE : [19940]
setMinimumFractionDigits : 2 input : 19940 ===> FORMAT : [1.994万] ===> PARSE : [19940]
setMinimumFractionDigits : 3 input : 19940 ===> FORMAT : [1.994万] ===> PARSE : [19940]
setMinimumFractionDigits : 4 input : 19940 ===> FORMAT : [1.9940万] ===> PARSE : [19940]
+++++
setMinimumFractionDigits : 1 input : 19950 ===> FORMAT : [1.995万] ===> PARSE : [19950]
setMinimumFractionDigits : 2 input : 19950 ===> FORMAT : [1.995万] ===> PARSE : [19950]
setMinimumFractionDigits : 3 input : 19950 ===> FORMAT : [1.995万] ===> PARSE : [19950]
setMinimumFractionDigits : 4 input : 19950 ===> FORMAT : [1.9950万] ===> PARSE : [19950]
+++++
setMinimumFractionDigits : 1 input : 19960 ===> FORMAT : [1.996万] ===> PARSE : [19960]
setMinimumFractionDigits : 2 input : 19960 ===> FORMAT : [1.996万] ===> PARSE : [19960]
setMinimumFractionDigits : 3 input : 19960 ===> FORMAT : [1.996万] ===> PARSE : [19960]
setMinimumFractionDigits : 4 input : 19960 ===> FORMAT : [1.9960万] ===> PARSE : [19960]
+++++
setMinimumFractionDigits : 1 input : 19994 ===> FORMAT : [1.9994万] ===> PARSE : [19994]
setMinimumFractionDigits : 2 input : 19994 ===> FORMAT : [1.9994万] ===> PARSE : [19994]
setMinimumFractionDigits : 3 input : 19994 ===> FORMAT : [1.9994万] ===> PARSE : [19994]
setMinimumFractionDigits : 4 input : 19994 ===> FORMAT : [1.9994万] ===> PARSE : [19994]
+++++
setMinimumFractionDigits : 1 input : 19995 ===> FORMAT : [1.9995万] ===> PARSE : [19995]
setMinimumFractionDigits : 2 input : 19995 ===> FORMAT : [1.9995万] ===> PARSE : [19995]
setMinimumFractionDigits : 3 input : 19995 ===> FORMAT : [1.9995万] ===> PARSE : [19995]
setMinimumFractionDigits : 4 input : 19995 ===> FORMAT : [1.9995万] ===> PARSE : [19995]
+++++
setMinimumFractionDigits : 1 input : 19996 ===> FORMAT : [1.9996万] ===> PARSE : [19996]
setMinimumFractionDigits : 2 input : 19996 ===> FORMAT : [1.9996万] ===> PARSE : [19996]
setMinimumFractionDigits : 3 input : 19996 ===> FORMAT : [1.9996万] ===> PARSE : [19996]
setMinimumFractionDigits : 4 input : 19996 ===> FORMAT : [1.9996万] ===> PARSE : [19996]
+++++
