Character Boundary Test :
S
o
u
t
h
 
K
o
r
e
a
 
한
국
 
韓
國
 
S
e
o
u
l
 
서
울
B
u
s
a
n
 
부
산
 
釜
山
C
h
u
n
c
h
e
o
n
 
춘
천
 
春
川
D
a
e
g
u
 
대
구
 
大
邱
D
a
e
j
e
o
n
 
대
전
 
大
田
G
w
a
n
g
j
u
 
광
주
 
光
州
G
y
e
o
n
g
j
u
 
경
주
 
慶
州
I
n
c
h
e
o
n
 
인
천
 
仁
川
J
e
o
n
j
u
 
전
주
 
全
州
S
e
o
u
l
서
울
B
u
s
a
n
부
산
釜
山
C
h
u
n
c
h
e
o
n
춘
천
春
川
D
a
e
g
u
대
구
大
邱
D
a
e
j
e
o
n
대
전
大
田
G
w
a
n
g
j
u
광
주
光
州
G
y
e
o
n
g
j
u
경
주
慶
州
I
n
c
h
e
o
n
인
천
仁
川
J
e
o
n
j
u
전
주
全
州
C
J
K
_
S
Y
M
B
O
L
S
_
A
N
D
_
P
U
N
C
T
U
A
T
I
O
N
 
　
、
。
‥
…
〃
―
∥
＼
∼
H
A
L
F
W
I
D
T
H
_
A
N
D
_
F
U
L
L
W
I
D
T
H
_
F
O
R
M
S
 
！
＂
＃
＄
％
＆
＇
（
）
＊
H
A
N
G
U
L
_
C
O
M
P
A
T
I
B
I
L
I
T
Y
_
J
A
M
O
 
ㄱ
ㄲ
ㄳ
ㄴ
ㄵ
ㄶ
ㄷ
ㄸ
ㄹ
ㄺ
N
U
M
B
E
R
_
F
O
R
M
S
 
ⅰ
ⅱ
ⅲ
ⅳ
ⅴ
ⅵ
ⅶ
ⅷ
ⅸ
ⅹ
B
O
X
_
D
R
A
W
I
N
G
 
─
│
┌
┐
┘
└
├
┬
┤
┴
C
J
K
_
C
O
M
P
A
T
I
B
I
L
I
T
Y
 
㎕
㎖
㎗
ℓ
㎘
㏄
㎣
㎤
㎥
㎦
L
A
T
I
N
_
E
X
T
E
N
D
E
D
_
A
 
Ħ
Ĳ
Ŀ
Ł
Œ
Ŧ
Ŋ
㉠
㉡
㉢
H
I
R
A
G
A
N
A
 
ぁ
あ
ぃ
い
ぅ
う
ぇ
え
ぉ
お
K
A
T
A
K
A
N
A
 
ァ
ア
ィ
イ
ゥ
ウ
ェ
エ
ォ
オ
C
Y
R
I
L
L
I
C
 
А
Б
В
Г
Д
Е
Ё
Ж
З
И
H
A
N
G
U
L
_
S
Y
L
L
A
B
L
E
S
 
가
각
간
갇
갈
갉
갊
감
갑
값
C
J
K
_
U
N
I
F
I
E
D
_
I
D
E
O
G
R
A
P
H
S
 
伽
佳
假
價
加
可
呵
哥
嘉
嫁
C
J
K
_
S
Y
M
B
O
L
S
_
A
N
D
_
P
U
N
C
T
U
A
T
I
O
N
　
、
。
‥
…
〃
―
∥
＼
∼
H
A
L
F
W
I
D
T
H
_
A
N
D
_
F
U
L
L
W
I
D
T
H
_
F
O
R
M
S
！
＂
＃
＄
％
＆
＇
（
）
＊
H
A
N
G
U
L
_
C
O
M
P
A
T
I
B
I
L
I
T
Y
_
J
A
M
O
ㄱ
ㄲ
ㄳ
ㄴ
ㄵ
ㄶ
ㄷ
ㄸ
ㄹ
ㄺ
N
U
M
B
E
R
_
F
O
R
M
S
ⅰ
ⅱ
ⅲ
ⅳ
ⅴ
ⅵ
ⅶ
ⅷ
ⅸ
ⅹ
B
O
X
_
D
R
A
W
I
N
G
─
│
┌
┐
┘
└
├
┬
┤
┴
C
J
K
_
C
O
M
P
A
T
I
B
I
L
I
T
Y
㎕
㎖
㎗
ℓ
㎘
㏄
㎣
㎤
㎥
㎦
L
A
T
I
N
_
E
X
T
E
N
D
E
D
_
A
Ħ
Ĳ
Ŀ
Ł
Œ
Ŧ
Ŋ
㉠
㉡
㉢
H
I
R
A
G
A
N
A
ぁ
あ
ぃ
い
ぅ
う
ぇ
え
ぉ
お
K
A
T
A
K
A
N
A
ァ
ア
ィ
イ
ゥ
ウ
ェ
エ
ォ
オ
C
Y
R
I
L
L
I
C
А
Б
В
Г
Д
Е
Ё
Ж
З
И
H
A
N
G
U
L
_
S
Y
L
L
A
B
L
E
S
가
각
간
갇
갈
갉
갊
감
갑
값
C
J
K
_
U
N
I
F
I
E
D
_
I
D
E
O
G
R
A
P
H
S
伽
佳
假
價
加
可
呵
哥
嘉
嫁

End of this test.
Word Boundary Test :
South
 
Korea
 
한국
 
韓國
 
Seoul
 
서울Busan
 
부산
 
釜山
Chuncheon
 
춘천
 
春川
Daegu
 
대구
 
大邱
Daejeon
 
대전
 
大田
Gwangju
 
광주
 
光州
Gyeongju
 
경주
 
慶州
Incheon
 
인천
 
仁川
Jeonju
 
전주
 
全州
Seoul서울Busan부산
釜山
Chuncheon춘천
春川
Daegu대구
大邱
Daejeon대전
大田
Gwangju광주
光州
Gyeongju경주
慶州
Incheon인천
仁川
Jeonju전주
全州
CJK_SYMBOLS_AND_PUNCTUATION
 　
、
。
‥
…
〃
―
∥
＼
∼
HALFWIDTH_AND_FULLWIDTH_FORMS
 
！
＂
＃
＄
％
＆
＇
（
）
＊
HANGUL_COMPATIBILITY_JAMO
 
ㄱㄲㄳㄴㄵㄶㄷㄸㄹㄺNUMBER_FORMS
 
ⅰⅱⅲⅳⅴⅵⅶⅷⅸⅹBOX_DRAWING
 
─
│
┌
┐
┘
└
├
┬
┤
┴
CJK_COMPATIBILITY
 
㎕
㎖
㎗
ℓ
㎘
㏄
㎣
㎤
㎥
㎦
LATIN_EXTENDED_A
 
ĦĲĿŁŒŦŊ
㉠
㉡
㉢
HIRAGANA
 
ぁあぃいぅうぇえぉお
KATAKANA
 
ァアィイゥウェエォオ
CYRILLIC
 
АБВГДЕЁЖЗИHANGUL_SYLLABLES
 
가각간갇갈갉갊감갑값CJK_UNIFIED_IDEOGRAPHS
 
伽佳假價加可呵哥嘉嫁
CJK_SYMBOLS_AND_PUNCTUATION
　
、
。
‥
…
〃
―
∥
＼
∼
HALFWIDTH_AND_FULLWIDTH_FORMS
！
＂
＃
＄
％
＆
＇
（
）
＊
HANGUL_COMPATIBILITY_JAMOㄱㄲㄳㄴㄵㄶㄷㄸㄹㄺNUMBER_FORMSⅰⅱⅲⅳⅴⅵⅶⅷⅸⅹBOX_DRAWING
─
│
┌
┐
┘
└
├
┬
┤
┴
CJK_COMPATIBILITY
㎕
㎖
㎗
ℓ
㎘
㏄
㎣
㎤
㎥
㎦
LATIN_EXTENDED_AĦĲĿŁŒŦŊ
㉠
㉡
㉢
HIRAGANA
ぁあぃいぅうぇえぉお
KATAKANA
ァアィイゥウェエォオ
CYRILLICАБВГДЕЁЖЗИHANGUL_SYLLABLES가각간갇갈갉갊감갑값CJK_UNIFIED_IDEOGRAPHS
伽佳假價加可呵哥嘉嫁

End of this test.
Sentence Boundary Test :
South Korea 한국 韓國 Seoul 서울Busan 부산 釜山Chuncheon 춘천 春川Daegu 대구 大邱Daejeon 대전 大田Gwangju 광주 光州Gyeongju 경주 慶州Incheon 인천 仁川Jeonju 전주 全州Seoul서울Busan부산釜山Chuncheon춘천春川Daegu대구大邱Daejeon대전大田Gwangju광주光州Gyeongju경주慶州Incheon인천仁川Jeonju전주全州CJK_SYMBOLS_AND_PUNCTUATION 　、。
‥…〃―∥＼∼HALFWIDTH_AND_FULLWIDTH_FORMS ！
＂＃＄％＆＇（）＊HANGUL_COMPATIBILITY_JAMO ㄱㄲㄳㄴㄵㄶㄷㄸㄹㄺNUMBER_FORMS ⅰⅱⅲⅳⅴⅵⅶⅷⅸⅹBOX_DRAWING ─│┌┐┘└├┬┤┴CJK_COMPATIBILITY ㎕㎖㎗ℓ㎘㏄㎣㎤㎥㎦LATIN_EXTENDED_A ĦĲĿŁŒŦŊ㉠㉡㉢HIRAGANA ぁあぃいぅうぇえぉおKATAKANA ァアィイゥウェエォオCYRILLIC АБВГДЕЁЖЗИHANGUL_SYLLABLES 가각간갇갈갉갊감갑값CJK_UNIFIED_IDEOGRAPHS 伽佳假價加可呵哥嘉嫁CJK_SYMBOLS_AND_PUNCTUATION　、。
‥…〃―∥＼∼HALFWIDTH_AND_FULLWIDTH_FORMS！
＂＃＄％＆＇（）＊HANGUL_COMPATIBILITY_JAMOㄱㄲㄳㄴㄵㄶㄷㄸㄹㄺNUMBER_FORMSⅰⅱⅲⅳⅴⅵⅶⅷⅸⅹBOX_DRAWING─│┌┐┘└├┬┤┴CJK_COMPATIBILITY㎕㎖㎗ℓ㎘㏄㎣㎤㎥㎦LATIN_EXTENDED_AĦĲĿŁŒŦŊ㉠㉡㉢HIRAGANAぁあぃいぅうぇえぉおKATAKANAァアィイゥウェエォオCYRILLICАБВГДЕЁЖЗИHANGUL_SYLLABLES가각간갇갈갉갊감갑값CJK_UNIFIED_IDEOGRAPHS伽佳假價加可呵哥嘉嫁

End of this test.
Line Boundary Test :
South 
Korea 
한
국 
韓
國 
Seoul 
서
울
Busan 
부
산 
釜
山
Chuncheon 
춘
천 
春
川
Daegu 
대
구 
大
邱
Daejeon 
대
전 
大
田
Gwangju 
광
주 
光
州
Gyeongju 
경
주 
慶
州
Incheon 
인
천 
仁
川
Jeonju 
전
주 
全
州
Seoul
서
울
Busan
부
산
釜
山
Chuncheon
춘
천
春
川
Daegu
대
구
大
邱
Daejeon
대
전
大
田
Gwangju
광
주
光
州
Gyeongju
경
주
慶
州
Incheon
인
천
仁
川
Jeonju
전
주
全
州
CJK_SYMBOLS_AND_PUNCTUATION 　
、。
‥…〃―
∥＼∼HALFWIDTH_AND_FULLWIDTH_FORMS 
！
＂＃
＄％
＆＇
（）
＊HANGUL_COMPATIBILITY_JAMO 
ㄱㄲㄳㄴㄵㄶㄷㄸㄹㄺNUMBER_FORMS 
ⅰⅱⅲⅳⅴⅵⅶⅷⅸⅹBOX_DRAWING 
─│┌┐┘└├┬┤┴CJK_COMPATIBILITY 
㎕㎖㎗ℓ㎘㏄㎣㎤㎥㎦LATIN_EXTENDED_A 
ĦĲĿŁŒŦŊ㉠㉡㉢HIRAGANA 
ぁ
あぃ
いぅ
うぇ
えぉ
お
KATAKANA 
ァ
アィ
イゥ
ウェ
エォ
オ
CYRILLIC 
АБВГДЕЁЖЗИHANGUL_SYLLABLES 
가
각
간
갇
갈
갉
갊
감
갑
값
CJK_UNIFIED_IDEOGRAPHS 
伽
佳
假
價
加
可
呵
哥
嘉
嫁
CJK_SYMBOLS_AND_PUNCTUATION　
、。
‥…〃―
∥＼∼HALFWIDTH_AND_FULLWIDTH_FORMS！
＂＃
＄％
＆＇
（）
＊HANGUL_COMPATIBILITY_JAMOㄱㄲㄳㄴㄵㄶㄷㄸㄹㄺNUMBER_FORMSⅰⅱⅲⅳⅴⅵⅶⅷⅸⅹBOX_DRAWING─│┌┐┘└├┬┤┴CJK_COMPATIBILITY㎕㎖㎗ℓ㎘㏄㎣㎤㎥㎦LATIN_EXTENDED_AĦĲĿŁŒŦŊ㉠㉡㉢HIRAGANAぁ
あぃ
いぅ
うぇ
えぉ
お
KATAKANAァ
アィ
イゥ
ウェ
エォ
オ
CYRILLICАБВГДЕЁЖЗИHANGUL_SYLLABLES
가
각
간
갇
갈
갉
갊
감
갑
값
CJK_UNIFIED_IDEOGRAPHS
伽
佳
假
價
加
可
呵
哥
嘉
嫁

End of this test.
